openjdk version "21.0.11" 2026-04-21 LTS
OpenJDK Runtime Environment Temurin-21.0.11+10 (build 21.0.11+10-LTS)
OpenJDK 64-Bit Server VM Temurin-21.0.11+10 (build 21.0.11+10-LTS, mixed mode)
INFO  Using log config file: jar:file:/Users/runner/work/_temp/ghidra/ghidra_12.1.3_PUBLIC/Ghidra/Framework/Generic/lib/Generic.jar!/generic.log4j.xml (LoggingInitialization)  
INFO  Using log file: /Users/runner/Library/ghidra/ghidra_12.1.3_PUBLIC/application.log (LoggingInitialization)  
INFO  Loading user preferences: /Users/runner/Library/ghidra/ghidra_12.1.3_PUBLIC/preferences (Preferences)  
INFO  Searching for classes... (ClassSearcher)  
INFO  Class search complete (778 ms) (ClassSearcher)  
INFO  Initializing SSL Context (DefaultSSLContextInitializer)  
INFO  Initializing Random Number Generator... (SecureRandomFactory)  
INFO  Random Number Generator initialization complete: NativePRNGNonBlocking (SecureRandomFactory)  
INFO  Trust manager disabled, cacerts have not been set (DefaultTrustManagerFactory)  
INFO  Headless startup complete (8637 ms) (AnalyzeHeadless)  
INFO  Class searcher loaded 177 extension points (88 false positives) (ClassSearcher)  
INFO  HEADLESS Script Paths:
    /Users/runner/work/_temp/ghidra/ghidra_12.1.3_PUBLIC/Ghidra/Features/FileFormats/ghidra_scripts
    /Users/runner/work/_temp/ghidra/ghidra_12.1.3_PUBLIC/Ghidra/Features/Base/ghidra_scripts
    /Users/runner/work/_temp/ghidra/ghidra_12.1.3_PUBLIC/Ghidra/Features/VersionTracking/ghidra_scripts
    /Users/runner/work/ipa/ipa/tools/ghidra
    /Users/runner/work/_temp/ghidra/ghidra_12.1.3_PUBLIC/Ghidra/Features/BSim/ghidra_scripts
    /Users/runner/work/_temp/ghidra/ghidra_12.1.3_PUBLIC/Ghidra/Features/WildcardAssembler/ghidra_scripts
    /Users/runner/work/_temp/ghidra/ghidra_12.1.3_PUBLIC/Ghidra/Features/PyGhidra/ghidra_scripts
    /Users/runner/work/_temp/ghidra/ghidra_12.1.3_PUBLIC/Ghidra/Processors/JVM/ghidra_scripts
    /Users/runner/work/_temp/ghidra/ghidra_12.1.3_PUBLIC/Ghidra/Features/MicrosoftCodeAnalyzer/ghidra_scripts
    /Users/runner/work/_temp/ghidra/ghidra_12.1.3_PUBLIC/Ghidra/Debug/Debugger-rmi-trace/ghidra_scripts
    /Users/runner/work/_temp/ghidra/ghidra_12.1.3_PUBLIC/Ghidra/Features/DecompilerDependent/ghidra_scripts
    /Users/runner/work/_temp/ghidra/ghidra_12.1.3_PUBLIC/Ghidra/Processors/DATA/ghidra_scripts
    /Users/runner/work/_temp/ghidra/ghidra_12.1.3_PUBLIC/Ghidra/Features/BytePatterns/ghidra_scripts
    /Users/runner/work/_temp/ghidra/ghidra_12.1.3_PUBLIC/Ghidra/Debug/Debugger/ghidra_scripts
    /Users/runner/work/_temp/ghidra/ghidra_12.1.3_PUBLIC/Ghidra/Features/Decompiler/ghidra_scripts
    /Users/runner/work/_temp/ghidra/ghidra_12.1.3_PUBLIC/Ghidra/Features/SwiftDemangler/ghidra_scripts
    /Users/runner/work/_temp/ghidra/ghidra_12.1.3_PUBLIC/Ghidra/Features/GnuDemangler/ghidra_scripts
    /Users/runner/work/_temp/ghidra/ghidra_12.1.3_PUBLIC/Ghidra/Processors/8051/ghidra_scripts
    /Users/runner/work/_temp/ghidra/ghidra_12.1.3_PUBLIC/Ghidra/Features/SystemEmulation/ghidra_scripts
    /Users/runner/work/_temp/ghidra/ghidra_12.1.3_PUBLIC/Ghidra/Features/FunctionID/ghidra_scripts
    /Users/runner/work/_temp/ghidra/ghidra_12.1.3_PUBLIC/Ghidra/Features/PDB/ghidra_scripts
    /Users/runner/work/_temp/ghidra/ghidra_12.1.3_PUBLIC/Ghidra/Processors/Atmel/ghidra_scripts
    /Users/runner/work/_temp/ghidra/ghidra_12.1.3_PUBLIC/Ghidra/Processors/PIC/ghidra_scripts (HeadlessAnalyzer)  
INFO  HEADLESS: execution starts (HeadlessAnalyzer)  
INFO  Creating temporary project: /Users/runner/work/_temp/ghidra-project/CiyueRecovery (HeadlessAnalyzer)  
INFO  Creating project: /Users/runner/work/_temp/ghidra-project/CiyueRecovery (DefaultProject)  
INFO  REPORT: Processing input files:  (HeadlessAnalyzer)  
INFO       project: /Users/runner/work/_temp/ghidra-project/CiyueRecovery (HeadlessAnalyzer)  
INFO  IMPORTING: file:///Users/runner/work/ipa/ipa/analysis/input/Ciyue0818.dylib (HeadlessAnalyzer)  
WARN  Using unknown opinion: Mac OS X Mach-O, AARCH64:LE:64:v8A:default (LcsHintLoadSpecChooser)  
INFO  Using Loader: Mac OS X Mach-O (ProgramLoader)  
INFO  Using Language/Compiler: AARCH64:LE:64:v8A:default (ProgramLoader)  
INFO  Using Library Search Path: [., /System/Library/dyld/dyld_shared_cache_arm64e, /System/Library/dyld/dyld_shared_cache_x86_64, /System/Library/dyld/dyld_shared_cache_x86_64h, /System/Cryptexes/OS/System/Library/dyld/dyld_shared_cache_arm64e, /System/Cryptexes/OS/System/Library/dyld/dyld_shared_cache_x86_64, /System/Cryptexes/OS/System/Library/dyld/dyld_shared_cache_x86_64h, /Users/runner/Library/Java/Extensions, /Library/Java/Extensions, /Network/Library/Java/Extensions, /System/Library/Java/Extensions, /usr/lib/java] (ProgramLoader)  
INFO  Additional info:
Loading file:///Users/runner/work/ipa/ipa/analysis/input/Ciyue0818.dylib?MD5=3b300a5dc13764e4680ce3ccd2bb3e95...
Ciyue0818.dylib: installed 8 objc SpecExtensions
------------------------------------------------

Linking the External Programs of 'Ciyue0818.dylib' to imported libraries...
  [/usr/lib/libobjc.A.dylib] -> not found in project
  [/System/Library/Frameworks/Foundation.framework/Foundation] -> not found in project
  [/System/Library/Frameworks/CoreFoundation.framework/CoreFoundation] -> not found in project
  [/System/Library/Frameworks/UIKit.framework/UIKit] -> not found in project
  [/System/Library/Frameworks/Security.framework/Security] -> not found in project
  [/System/Library/Frameworks/QuartzCore.framework/QuartzCore] -> not found in project
  [/System/Library/Frameworks/CoreGraphics.framework/CoreGraphics] -> not found in project
  [/System/Library/Frameworks/AVFoundation.framework/AVFoundation] -> not found in project
  [/System/Library/Frameworks/Accelerate.framework/Accelerate] -> not found in project
  [/System/Library/Frameworks/GLKit.framework/GLKit] -> not found in project
  [/System/Library/Frameworks/SystemConfiguration.framework/SystemConfiguration] -> not found in project
  [/System/Library/Frameworks/GameController.framework/GameController] -> not found in project
  [/System/Library/Frameworks/Metal.framework/Metal] -> not found in project
  [/System/Library/Frameworks/MetalKit.framework/MetalKit] -> not found in project
  [/usr/lib/libc++.1.dylib] -> not found in project
  [/usr/lib/libSystem.B.dylib] -> not found in project
  [/usr/lib/libz.1.dylib] -> not found in project
------------------------------------------------

 (ProgramLoader)  
INFO  IMPORTING: Loaded 0 additional files (HeadlessAnalyzer)  
INFO  ANALYZING all memory and code: file:///Users/runner/work/ipa/ipa/analysis/input/Ciyue0818.dylib (HeadlessAnalyzer)  
INFO  hit non-returning function, restarting decompiler switch analyzer later (DecompilerSwitchAnalyzer)  
ERROR os/mac_arm_64/decompile does not exist (see GettingStarted.md, 'Building Native Components') (DecompileProcessFactory)  
ERROR VarnodeContext: out of address spaces at @000836dc for: x0-000836dc (VarnodeContext)  
ERROR VarnodeContext: out of address spaces at @00207610 for: x11-00207610 (VarnodeContext)  
ERROR VarnodeContext: out of address spaces at @0014e0c4 for: x18-0014e0c4 (VarnodeContext)  
ERROR VarnodeContext: out of address spaces at @000dd128 for: x9-000dd128 (VarnodeContext)  
ERROR VarnodeContext: out of address spaces at @00053b88 for: x15-00053b88 (VarnodeContext)  
ERROR VarnodeContext: out of address spaces at @0009b390 for: d25-0009b390 (VarnodeContext)  
ERROR VarnodeContext: out of address spaces at @00180550 for: x17-00180550 (VarnodeContext)  
INFO  Packed database cache: /var/tmp/runner-ghidra/packed-db-cache (PackedDatabaseCache)  
INFO  Applied data type archive: mac_osx (ApplyDataArchiveAnalyzer)  
ERROR Unexpected exception (DecompilerCallConventionAnalyzer) java.util.concurrent.ExecutionException: java.io.IOException: Unable to create decompiler for program: Ciyue0818.dylib - .ProgramDB
Could not find decompiler executable
	at java.base/java.util.concurrent.FutureTask.report(FutureTask.java:122)
	at java.base/java.util.concurrent.FutureTask.get(FutureTask.java:191)
	at generic.concurrent.QResult.<init>(QResult.java:40)
	at generic.concurrent.FutureTaskMonitor.run(FutureTaskMonitor.java:77)
	at java.base/java.util.concurrent.ThreadPoolExecutor.runWorker(ThreadPoolExecutor.java:1144)
	at java.base/java.util.concurrent.ThreadPoolExecutor$Worker.run(ThreadPoolExecutor.java:642)
	at java.base/java.lang.Thread.run(Thread.java:1583)
Caused by: java.io.IOException: Unable to create decompiler for program: Ciyue0818.dylib - .ProgramDB
Could not find decompiler executable
	at ghidra.app.cmd.function.DecompilerParallelConventionAnalysisCmd.createDecompilerInterface(DecompilerParallelConventionAnalysisCmd.java:67)
	at ghidra.app.plugin.core.analysis.DecompilerCallConventionAnalyzer$DecompilerFactory.doCreate(DecompilerCallConventionAnalyzer.java:259)
	at ghidra.app.plugin.core.analysis.DecompilerCallConventionAnalyzer$DecompilerFactory.doCreate(DecompilerCallConventionAnalyzer.java:249)
	at generic.cache.CountingBasicFactory.create(CountingBasicFactory.java:30)
	at generic.cache.CachingPool.get(CachingPool.java:81)
	at ghidra.app.plugin.core.analysis.DecompilerCallConventionAnalyzer$ParallelDecompilerCallback.run(DecompilerCallConventionAnalyzer.java:284)
	at ghidra.app.plugin.core.analysis.DecompilerCallConventionAnalyzer$ParallelDecompilerCallback.run(DecompilerCallConventionAnalyzer.java:268)
	at generic.concurrent.QRunnableAdapter.process(QRunnableAdapter.java:31)
	at generic.concurrent.ConcurrentQ$CallbackCallable.call(ConcurrentQ.java:706)
	at java.base/java.util.concurrent.FutureTask.run(FutureTask.java:317)
	at generic.concurrent.FutureTaskMonitor.run(FutureTaskMonitor.java:75)
	... 3 more
 
ERROR VarnodeContext: out of address spaces at @00083bb8 for: d18-00083bb8 (VarnodeContext)  
ERROR VarnodeContext: out of address spaces at @00207604 for: d30-00207604 (VarnodeContext)  
ERROR VarnodeContext: out of address spaces at @0014e0c4 for: x16-0014e0c4 (VarnodeContext)  
ERROR VarnodeContext: out of address spaces at @000dd114 for: d22-000dd114 (VarnodeContext)  
ERROR VarnodeContext: out of address spaces at @00053b78 for: d30-00053b78 (VarnodeContext)  
ERROR VarnodeContext: out of address spaces at @0009b390 for: d19-0009b390 (VarnodeContext)  
ERROR VarnodeContext: out of address spaces at @00180544 for: d26-00180544 (VarnodeContext)  
INFO  -----------------------------------------------------
    AARCH64 ELF PLT Thunks                     0.000 secs
    ASCII Strings                              0.535 secs
    Apply Data Archives                        0.570 secs
    Basic Constant Reference Analyzer         33.065 secs
    CFStrings                                  0.070 secs
    Call Convention ID                         0.118 secs
    Call-Fixup Installer                       0.085 secs
    Create Address Tables                      0.484 secs
    Create Address Tables - One Time           0.014 secs
    Create Function                            2.101 secs
    Data Reference                             0.738 secs
    Decompiler Switch Analysis                 2.428 secs
    Decompiler Switch Analysis - One Time      0.626 secs
    Demangler GNU                              0.749 secs
    Disassemble                                0.695 secs
    Disassemble Entry Points                   0.057 secs
    Embedded Media                             0.085 secs
    External Entry References                  0.000 secs
    Function ID                                0.037 secs
    Function Start Search                      0.390 secs
    Function Start Search After Code           0.316 secs
    Function Start Search After Data           0.217 secs
    Function Start Search delayed - One Time   0.053 secs
    Mach-O Function Starts                     0.014 secs
    Non-Returning Functions - Discovered       1.129 secs
    Non-Returning Functions - Known            0.008 secs
    Objective-C Message Analyzer               0.542 secs
    Objective-C Type Metadata Analyzer        12.677 secs
    Reference                                  0.951 secs
    Shared Return Calls                        0.877 secs
    Stack                                     36.203 secs
    Subroutine References                      0.636 secs
    Subroutine References - One Time           0.004 secs
-----------------------------------------------------
     Total Time   96 secs
-----------------------------------------------------
 (AutoAnalysisManager)  
INFO  REPORT: Analysis succeeded for file: file:///Users/runner/work/ipa/ipa/analysis/input/Ciyue0818.dylib (HeadlessAnalyzer)  
INFO  REPORT: Execute script: RecoverNative.java 'analysis-output/CiyueNativeRecovered.c'  (HeadlessAnalyzer)  
INFO  SCRIPT: /Users/runner/work/ipa/ipa/tools/ghidra/RecoverNative.java (HeadlessAnalyzer)  
ERROR REPORT SCRIPT ERROR:  (HeadlessAnalyzer) java.lang.IllegalStateException: Unable to open program for decompilation
	at RecoverNative.run(RecoverNative.java:239)
	at ghidra.app.script.GhidraScript.executeNormal(GhidraScript.java:460)
	at ghidra.app.script.GhidraScript.doExecute(GhidraScript.java:314)
	at ghidra.app.script.GhidraScript.execute(GhidraScript.java:290)
	at ghidra.app.util.headless.HeadlessAnalyzer.runScript(HeadlessAnalyzer.java:585)
	at ghidra.app.util.headless.HeadlessAnalyzer.runScriptsList(HeadlessAnalyzer.java:929)
	at ghidra.app.util.headless.HeadlessAnalyzer.analyzeProgram(HeadlessAnalyzer.java:1085)
	at ghidra.app.util.headless.HeadlessAnalyzer.processFileWithImport(HeadlessAnalyzer.java:1583)
	at ghidra.app.util.headless.HeadlessAnalyzer.processWithLoader(HeadlessAnalyzer.java:1743)
	at ghidra.app.util.headless.HeadlessAnalyzer.processWithImport(HeadlessAnalyzer.java:1684)
	at ghidra.app.util.headless.HeadlessAnalyzer.processWithImport(HeadlessAnalyzer.java:1768)
	at ghidra.app.util.headless.HeadlessAnalyzer.processLocal(HeadlessAnalyzer.java:452)
	at ghidra.app.util.headless.AnalyzeHeadless.launch(AnalyzeHeadless.java:199)
	at ghidra.GhidraLauncher.launch(GhidraLauncher.java:81)
	at ghidra.Ghidra.main(Ghidra.java:54)
 
INFO  ANALYZING changes made by post scripts: file:///Users/runner/work/ipa/ipa/analysis/input/Ciyue0818.dylib (HeadlessAnalyzer)  
INFO  REPORT: Post-analysis succeeded for file: file:///Users/runner/work/ipa/ipa/analysis/input/Ciyue0818.dylib (HeadlessAnalyzer)  
INFO  /Ciyue0818.dylib: file created (runner) (LocalFileSystem)  
INFO  REPORT: Save succeeded for: /Ciyue0818.dylib (CiyueRecovery:/Ciyue0818.dylib) (HeadlessAnalyzer)  
INFO  REPORT: Import succeeded (HeadlessAnalyzer)  
