openjdk version "21.0.11" 2026-04-21 LTS
OpenJDK Runtime Environment Temurin-21.0.11+10 (build 21.0.11+10-LTS)
OpenJDK 64-Bit Server VM Temurin-21.0.11+10 (build 21.0.11+10-LTS, mixed mode)
INFO  Using log config file: jar:file:/Users/runner/work/_temp/ghidra/ghidra_12.1.3_PUBLIC/Ghidra/Framework/Generic/lib/Generic.jar!/generic.log4j.xml (LoggingInitialization)  
INFO  Using log file: /Users/runner/Library/ghidra/ghidra_12.1.3_PUBLIC/application.log (LoggingInitialization)  
INFO  Loading user preferences: /Users/runner/Library/ghidra/ghidra_12.1.3_PUBLIC/preferences (Preferences)  
INFO  Searching for classes... (ClassSearcher)  
INFO  Class search complete (657 ms) (ClassSearcher)  
INFO  Initializing SSL Context (DefaultSSLContextInitializer)  
INFO  Initializing Random Number Generator... (SecureRandomFactory)  
INFO  Random Number Generator initialization complete: NativePRNGNonBlocking (SecureRandomFactory)  
INFO  Trust manager disabled, cacerts have not been set (DefaultTrustManagerFactory)  
INFO  Starting cache cleanup: /var/tmp/runner-ghidra/fscache2 (FileCacheMaintenanceDaemon)  
INFO  Finished cache cleanup, estimated storage used: 0 (FileCacheMaintenanceDaemon)  
INFO  Headless startup complete (8321 ms) (AnalyzeHeadless)  
INFO  Class searcher loaded 177 extension points (88 false positives) (ClassSearcher)  
INFO  HEADLESS Script Paths:
    /Users/runner/work/_temp/ghidra/ghidra_12.1.3_PUBLIC/Ghidra/Features/FileFormats/ghidra_scripts
    /Users/runner/work/_temp/ghidra/ghidra_12.1.3_PUBLIC/Ghidra/Features/Base/ghidra_scripts
    /Users/runner/work/_temp/ghidra/ghidra_12.1.3_PUBLIC/Ghidra/Features/VersionTracking/ghidra_scripts
    /Users/runner/work/ipa/ipa/tools/ghidra
    /Users/runner/work/_temp/ghidra/ghidra_12.1.3_PUBLIC/Ghidra/Features/BSim/ghidra_scripts
    /Users/runner/work/_temp/ghidra/ghidra_12.1.3_PUBLIC/Ghidra/Features/WildcardAssembler/ghidra_scripts
    /Users/runner/work/_temp/ghidra/ghidra_12.1.3_PUBLIC/Ghidra/Features/PyGhidra/ghidra_scripts
    /Users/runner/work/_temp/ghidra/ghidra_12.1.3_PUBLIC/Ghidra/Processors/JVM/ghidra_scripts
    /Users/runner/work/_temp/ghidra/ghidra_12.1.3_PUBLIC/Ghidra/Features/MicrosoftCodeAnalyzer/ghidra_scripts
    /Users/runner/work/_temp/ghidra/ghidra_12.1.3_PUBLIC/Ghidra/Debug/Debugger-rmi-trace/ghidra_scripts
    /Users/runner/work/_temp/ghidra/ghidra_12.1.3_PUBLIC/Ghidra/Features/DecompilerDependent/ghidra_scripts
    /Users/runner/work/_temp/ghidra/ghidra_12.1.3_PUBLIC/Ghidra/Processors/DATA/ghidra_scripts
    /Users/runner/work/_temp/ghidra/ghidra_12.1.3_PUBLIC/Ghidra/Features/BytePatterns/ghidra_scripts
    /Users/runner/work/_temp/ghidra/ghidra_12.1.3_PUBLIC/Ghidra/Debug/Debugger/ghidra_scripts
    /Users/runner/work/_temp/ghidra/ghidra_12.1.3_PUBLIC/Ghidra/Features/Decompiler/ghidra_scripts
    /Users/runner/work/_temp/ghidra/ghidra_12.1.3_PUBLIC/Ghidra/Features/SwiftDemangler/ghidra_scripts
    /Users/runner/work/_temp/ghidra/ghidra_12.1.3_PUBLIC/Ghidra/Features/GnuDemangler/ghidra_scripts
    /Users/runner/work/_temp/ghidra/ghidra_12.1.3_PUBLIC/Ghidra/Processors/8051/ghidra_scripts
    /Users/runner/work/_temp/ghidra/ghidra_12.1.3_PUBLIC/Ghidra/Features/SystemEmulation/ghidra_scripts
    /Users/runner/work/_temp/ghidra/ghidra_12.1.3_PUBLIC/Ghidra/Features/FunctionID/ghidra_scripts
    /Users/runner/work/_temp/ghidra/ghidra_12.1.3_PUBLIC/Ghidra/Features/PDB/ghidra_scripts
    /Users/runner/work/_temp/ghidra/ghidra_12.1.3_PUBLIC/Ghidra/Processors/Atmel/ghidra_scripts
    /Users/runner/work/_temp/ghidra/ghidra_12.1.3_PUBLIC/Ghidra/Processors/PIC/ghidra_scripts (HeadlessAnalyzer)  
INFO  HEADLESS: execution starts (HeadlessAnalyzer)  
INFO  Creating temporary project: /Users/runner/work/_temp/ghidra-project/RussRecovery (HeadlessAnalyzer)  
INFO  Creating project: /Users/runner/work/_temp/ghidra-project/RussRecovery (DefaultProject)  
INFO  REPORT: Processing input files:  (HeadlessAnalyzer)  
INFO       project: /Users/runner/work/_temp/ghidra-project/RussRecovery (HeadlessAnalyzer)  
INFO  IMPORTING: file:///Users/runner/work/ipa/ipa/analysis/input/RussOriginal.dylib (HeadlessAnalyzer)  
WARN  Using unknown opinion: Mac OS X Mach-O, AARCH64:LE:64:v8A:default (LcsHintLoadSpecChooser)  
INFO  Using Loader: Mac OS X Mach-O (ProgramLoader)  
INFO  Using Language/Compiler: AARCH64:LE:64:v8A:default (ProgramLoader)  
INFO  Using Library Search Path: [., /System/Library/dyld/dyld_shared_cache_arm64e, /System/Library/dyld/dyld_shared_cache_x86_64, /System/Library/dyld/dyld_shared_cache_x86_64h, /System/Cryptexes/OS/System/Library/dyld/dyld_shared_cache_arm64e, /System/Cryptexes/OS/System/Library/dyld/dyld_shared_cache_x86_64, /System/Cryptexes/OS/System/Library/dyld/dyld_shared_cache_x86_64h, /Users/runner/Library/Java/Extensions, /Library/Java/Extensions, /Network/Library/Java/Extensions, /System/Library/Java/Extensions, /usr/lib/java] (ProgramLoader)  
INFO  Additional info:
Loading file:///Users/runner/work/ipa/ipa/analysis/input/RussOriginal.dylib?MD5=1a88942cf168b0e5a4a65d1f36306ab7...
Discovered 2119 DYLD_CHAINED_PTR_64 chained pointers.
Fixed up 2119 chained pointers.
RussOriginal.dylib: installed 8 objc SpecExtensions
------------------------------------------------

Linking the External Programs of 'RussOriginal.dylib' to imported libraries...
  [/System/Library/Frameworks/CryptoKit.framework/CryptoKit] -> not found in project
  [/System/Library/Frameworks/Security.framework/Security] -> not found in project
  [/System/Library/Frameworks/QuartzCore.framework/QuartzCore] -> not found in project
  [/System/Library/Frameworks/CoreGraphics.framework/CoreGraphics] -> not found in project
  [/System/Library/Frameworks/Foundation.framework/Foundation] -> not found in project
  [/System/Library/Frameworks/UIKit.framework/UIKit] -> not found in project
  [/usr/lib/libobjc.A.dylib] -> not found in project
  [/usr/lib/libc++.1.dylib] -> not found in project
  [/usr/lib/libSystem.B.dylib] -> not found in project
  [/System/Library/Frameworks/CoreFoundation.framework/CoreFoundation] -> not found in project
  [/usr/lib/swift/libswiftCore.dylib] -> not found in project
  [/usr/lib/swift/libswiftCoreFoundation.dylib] -> not found in project
  [/usr/lib/swift/libswiftCoreImage.dylib] -> not found in project
  [/usr/lib/swift/libswiftDarwin.dylib] -> not found in project
  [/usr/lib/swift/libswiftDispatch.dylib] -> not found in project
  [/usr/lib/swift/libswiftMetal.dylib] -> not found in project
  [/usr/lib/swift/libswiftOSLog.dylib] -> not found in project
  [/usr/lib/swift/libswiftObjectiveC.dylib] -> not found in project
  [/usr/lib/swift/libswiftQuartzCore.dylib] -> not found in project
  [/usr/lib/swift/libswiftSpatial.dylib] -> not found in project
  [/usr/lib/swift/libswiftUniformTypeIdentifiers.dylib] -> not found in project
  [/usr/lib/swift/libswiftXPC.dylib] -> not found in project
  [/usr/lib/swift/libswiftos.dylib] -> not found in project
  [/usr/lib/swift/libswiftsimd.dylib] -> not found in project
  [/usr/lib/swift/libswiftFoundation.dylib] -> not found in project
  [/usr/lib/swift/libswiftUIKit.dylib] -> not found in project
------------------------------------------------

 (ProgramLoader)  
INFO  IMPORTING: Loaded 0 additional files (HeadlessAnalyzer)  
INFO  ANALYZING all memory and code: file:///Users/runner/work/ipa/ipa/analysis/input/RussOriginal.dylib (HeadlessAnalyzer)  
INFO  hit non-returning function, restarting decompiler switch analyzer later (DecompilerSwitchAnalyzer)  
ERROR os/mac_arm_64/decompile does not exist (see GettingStarted.md, 'Building Native Components') (DecompileProcessFactory)  
INFO  Packed database cache: /var/tmp/runner-ghidra/packed-db-cache (PackedDatabaseCache)  
INFO  Applied data type archive: mac_osx (ApplyDataArchiveAnalyzer)  
ERROR Unexpected exception (DecompilerCallConventionAnalyzer) java.util.concurrent.ExecutionException: java.io.IOException: Unable to create decompiler for program: RussOriginal.dylib - .ProgramDB
Could not find decompiler executable
	at java.base/java.util.concurrent.FutureTask.report(FutureTask.java:122)
	at java.base/java.util.concurrent.FutureTask.get(FutureTask.java:191)
	at generic.concurrent.QResult.<init>(QResult.java:40)
	at generic.concurrent.FutureTaskMonitor.run(FutureTaskMonitor.java:77)
	at java.base/java.util.concurrent.ThreadPoolExecutor.runWorker(ThreadPoolExecutor.java:1144)
	at java.base/java.util.concurrent.ThreadPoolExecutor$Worker.run(ThreadPoolExecutor.java:642)
	at java.base/java.lang.Thread.run(Thread.java:1583)
Caused by: java.io.IOException: Unable to create decompiler for program: RussOriginal.dylib - .ProgramDB
Could not find decompiler executable
	at ghidra.app.cmd.function.DecompilerParallelConventionAnalysisCmd.createDecompilerInterface(DecompilerParallelConventionAnalysisCmd.java:67)
	at ghidra.app.plugin.core.analysis.DecompilerCallConventionAnalyzer$DecompilerFactory.doCreate(DecompilerCallConventionAnalyzer.java:259)
	at ghidra.app.plugin.core.analysis.DecompilerCallConventionAnalyzer$DecompilerFactory.doCreate(DecompilerCallConventionAnalyzer.java:249)
	at generic.cache.CountingBasicFactory.create(CountingBasicFactory.java:30)
	at generic.cache.CachingPool.get(CachingPool.java:81)
	at ghidra.app.plugin.core.analysis.DecompilerCallConventionAnalyzer$ParallelDecompilerCallback.run(DecompilerCallConventionAnalyzer.java:284)
	at ghidra.app.plugin.core.analysis.DecompilerCallConventionAnalyzer$ParallelDecompilerCallback.run(DecompilerCallConventionAnalyzer.java:268)
	at generic.concurrent.QRunnableAdapter.process(QRunnableAdapter.java:31)
	at generic.concurrent.ConcurrentQ$CallbackCallable.call(ConcurrentQ.java:706)
	at java.base/java.util.concurrent.FutureTask.run(FutureTask.java:317)
	at generic.concurrent.FutureTaskMonitor.run(FutureTaskMonitor.java:75)
	... 3 more
 
INFO  -----------------------------------------------------
    AARCH64 ELF PLT Thunks                     0.000 secs
    ASCII Strings                              0.498 secs
    Apply Data Archives                        0.256 secs
    Basic Constant Reference Analyzer          2.353 secs
    CFStrings                                  0.018 secs
    Call Convention ID                         0.029 secs
    Call-Fixup Installer                       0.019 secs
    Create Address Tables                      0.102 secs
    Create Address Tables - One Time           0.113 secs
    Create Function                            0.203 secs
    Data Reference                             0.308 secs
    Decompiler Switch Analysis                 1.028 secs
    Decompiler Switch Analysis - One Time      0.374 secs
    Demangler GNU                              0.638 secs
    Demangler Swift                           11.602 secs
    Disassemble                                0.726 secs
    Disassemble Entry Points                   0.055 secs
    Embedded Media                             0.161 secs
    External Entry References                  0.000 secs
    Function ID                                0.031 secs
    Function Start Search                      0.055 secs
    Function Start Search After Code           0.050 secs
    Function Start Search After Data           0.081 secs
    Function Start Search delayed - One Time   0.029 secs
    Mach-O Function Starts                     0.168 secs
    Non-Returning Functions - Discovered       0.161 secs
    Non-Returning Functions - Known            0.021 secs
    Objective-C Message Analyzer               0.262 secs
    Objective-C Type Metadata Analyzer         1.781 secs
    Reference                                  0.247 secs
    Shared Return Calls                        0.182 secs
    Stack                                      2.747 secs
    Subroutine References                      0.228 secs
    Subroutine References - One Time           0.001 secs
    Swift Type Metadata Analyzer               0.050 secs
-----------------------------------------------------
     Total Time   24 secs
-----------------------------------------------------
 (AutoAnalysisManager)  
INFO  REPORT: Analysis succeeded for file: file:///Users/runner/work/ipa/ipa/analysis/input/RussOriginal.dylib (HeadlessAnalyzer)  
INFO  REPORT: Execute script: RecoverNative.java 'analysis-output/RussNativeRecovered.c'  (HeadlessAnalyzer)  
INFO  SCRIPT: /Users/runner/work/ipa/ipa/tools/ghidra/RecoverNative.java (HeadlessAnalyzer)  
ERROR REPORT SCRIPT ERROR:  (HeadlessAnalyzer) java.lang.IllegalStateException: Unable to open program for decompilation
	at RecoverNative.run(RecoverNative.java:239)
	at ghidra.app.script.GhidraScript.executeNormal(GhidraScript.java:460)
	at ghidra.app.script.GhidraScript.doExecute(GhidraScript.java:314)
	at ghidra.app.script.GhidraScript.execute(GhidraScript.java:290)
	at ghidra.app.util.headless.HeadlessAnalyzer.runScript(HeadlessAnalyzer.java:585)
	at ghidra.app.util.headless.HeadlessAnalyzer.runScriptsList(HeadlessAnalyzer.java:929)
	at ghidra.app.util.headless.HeadlessAnalyzer.analyzeProgram(HeadlessAnalyzer.java:1085)
	at ghidra.app.util.headless.HeadlessAnalyzer.processFileWithImport(HeadlessAnalyzer.java:1583)
	at ghidra.app.util.headless.HeadlessAnalyzer.processWithLoader(HeadlessAnalyzer.java:1743)
	at ghidra.app.util.headless.HeadlessAnalyzer.processWithImport(HeadlessAnalyzer.java:1684)
	at ghidra.app.util.headless.HeadlessAnalyzer.processWithImport(HeadlessAnalyzer.java:1768)
	at ghidra.app.util.headless.HeadlessAnalyzer.processLocal(HeadlessAnalyzer.java:452)
	at ghidra.app.util.headless.AnalyzeHeadless.launch(AnalyzeHeadless.java:199)
	at ghidra.GhidraLauncher.launch(GhidraLauncher.java:81)
	at ghidra.Ghidra.main(Ghidra.java:54)
 
INFO  ANALYZING changes made by post scripts: file:///Users/runner/work/ipa/ipa/analysis/input/RussOriginal.dylib (HeadlessAnalyzer)  
INFO  REPORT: Post-analysis succeeded for file: file:///Users/runner/work/ipa/ipa/analysis/input/RussOriginal.dylib (HeadlessAnalyzer)  
INFO  /RussOriginal.dylib: file created (runner) (LocalFileSystem)  
INFO  REPORT: Save succeeded for: /RussOriginal.dylib (RussRecovery:/RussOriginal.dylib) (HeadlessAnalyzer)  
INFO  REPORT: Import succeeded (HeadlessAnalyzer)  
